JvmtiExport can_access_local_variables 0
JvmtiExport can_hotswap_or_post_breakpoint 0
JvmtiExport can_post_on_exceptions 0
# 539 ciObject found
ciInstanceKlass java/lang/Cloneable 1 0 7 100 1 100 1 1 1
instanceKlass org/gradle/cache/internal/btree/FileBackedBlockStore$1
instanceKlass org/gradle/api/internal/artifacts/transform/TransformExecutionResult$Builder$FilteredResult
instanceKlass org/gradle/api/internal/artifacts/transform/TransformExecutionResult$Builder$PartOfInputArtifact
instanceKlass org/gradle/api/internal/artifacts/transform/TransformExecutionResult$Builder$ProducedOutputOnlyResult
instanceKlass org/gradle/api/internal/artifacts/transform/TransformExecutionResult$Builder$ProducedOutput
instanceKlass org/gradle/api/internal/artifacts/transform/TransformExecutionResult$Builder$TransformOutput
instanceKlass org/gradle/api/internal/artifacts/transform/TransformExecutionResult$Builder
instanceKlass org/gradle/api/internal/artifacts/transform/TransformExecutionResult
instanceKlass org/gradle/api/internal/artifacts/transform/TransformExecutionResult$OutputVisitor
instanceKlass org/gradle/api/internal/artifacts/transform/TransformExecutionResultSerializer
instanceKlass org/gradle/internal/execution/steps/ExecuteWorkBuildOperationFiringStep$ExecuteWorkResult
instanceKlass org/gradle/operations/execution/ExecuteWorkBuildOperationType$Result
instanceKlass org/gradle/operations/execution/FilePropertyVisitor
instanceKlass org/gradle/api/internal/tasks/BaseSnapshotInputsBuildOperationResult
instanceKlass org/gradle/operations/dependencies/transforms/SnapshotTransformInputsBuildOperationType$Result
instanceKlass org/gradle/internal/operations/DefaultBuildOperationRunner$3$1
instanceKlass org/gradle/internal/operations/DefaultBuildOperationRunner$3
instanceKlass org/gradle/internal/execution/steps/ExecuteWorkBuildOperationFiringStep$ExecuteWorkDetails
instanceKlass org/gradle/operations/execution/ExecuteWorkBuildOperationType$Details
instanceKlass org/gradle/internal/Deferrable$1
instanceKlass org/gradle/internal/Deferrable$3
instanceKlass org/gradle/api/internal/artifacts/transform/AbstractTransformExecution$DefaultIdentifyTransformExecutionProgressDetails
instanceKlass org/gradle/operations/dependencies/transforms/IdentifyTransformExecutionProgressDetails
instanceKlass org/gradle/api/internal/artifacts/transform/ImmutableTransformWorkspaceIdentity
instanceKlass org/gradle/api/internal/artifacts/transform/AbstractTransformExecution$1
instanceKlass org/gradle/api/internal/artifacts/transform/TransformWorkspaceIdentity
instanceKlass org/gradle/operations/dependencies/transforms/SnapshotTransformInputsBuildOperationType$Details
instanceKlass org/gradle/api/internal/artifacts/transform/AbstractTransformExecution
instanceKlass org/gradle/internal/Deferrable
instanceKlass org/gradle/api/internal/artifacts/transform/TransformStepSubject
instanceKlass org/gradle/api/internal/artifacts/transform/TransformingAsyncArtifactListener$TransformedArtifact
instanceKlass org/gradle/api/internal/artifacts/transform/TransformingAsyncArtifactListener$1
instanceKlass org/gradle/api/internal/artifacts/transform/TransformingAsyncArtifactListener
instanceKlass com/android/build/gradle/internal/dependency/AarTransform$Parameters$Inject
instanceKlass com/android/build/gradle/internal/dependency/JetifyTransform$Parameters$Inject
instanceKlass org/gradle/internal/hash/HashCode$1
instanceKlass com/android/build/gradle/tasks/GenerateBuildConfigKt
instanceKlass org/gradle/api/internal/tasks/execution/TaskExecution$2
instanceKlass groovy/util/FileTreeBuilder
instanceKlass org/gradle/api/internal/tasks/execution/ExecuteTaskActionBuildOperationType$2
instanceKlass org/gradle/api/internal/tasks/execution/ExecuteTaskActionBuildOperationType$1
instanceKlass org/gradle/api/internal/tasks/execution/ExecuteTaskActionBuildOperationType$Result
instanceKlass org/gradle/api/internal/tasks/execution/ExecuteTaskActionBuildOperationType$Details
instanceKlass org/gradle/api/internal/tasks/execution/ExecuteTaskActionBuildOperationType
instanceKlass org/gradle/api/internal/tasks/execution/TaskExecution$3
instanceKlass com/android/build/gradle/internal/dependency/GenericTransformParameters$Inject
instanceKlass com/android/build/gradle/internal/dependency/DexingOutputSplitTransform$Parameters$Inject
instanceKlass com/android/build/gradle/internal/dependency/BaseDexingTransform$Parameters$Inject
instanceKlass org/gradle/execution/plan/PostExecutionNodeAwareActionNode
instanceKlass org/gradle/api/internal/artifacts/transform/DefaultTransform$IsolatedParameters
instanceKlass org/gradle/api/internal/artifacts/transform/DefaultTransform$FingerprintTransformInputsOperation$Result$1
instanceKlass org/gradle/api/internal/artifacts/transform/DefaultTransform$FingerprintTransformInputsOperation$Result
instanceKlass org/gradle/api/internal/artifacts/transform/DefaultTransform$1
instanceKlass org/gradle/api/internal/artifacts/transform/DefaultTransform$FingerprintTransformInputsOperation$Details$1
instanceKlass org/gradle/api/internal/artifacts/transform/DefaultTransform$FingerprintTransformInputsOperation$Details
instanceKlass org/gradle/api/internal/artifacts/transform/DefaultTransform$IsolateTransformParameters$2
instanceKlass com/android/build/gradle/internal/dependency/IdentityTransform$Parameters$Inject
instanceKlass org/gradle/execution/RunRootBuildWorkBuildOperationType$Details
instanceKlass org/gradle/internal/buildtree/BuildOperationFiringBuildTreeWorkExecutor$1
instanceKlass org/gradle/api/internal/artifacts/transform/DefaultPlannedTransformStepIdentity
instanceKlass org/gradle/api/internal/artifacts/transform/TransformStepNode$1
instanceKlass org/gradle/api/internal/artifacts/transform/AttributesToMapConverter
instanceKlass org/gradle/api/internal/artifacts/transform/ComponentToOperationConverter$1
instanceKlass org/gradle/operations/dependencies/variants/ProjectComponentIdentifier
instanceKlass org/gradle/operations/dependencies/variants/ComponentIdentifier
instanceKlass org/gradle/api/internal/artifacts/transform/ComponentToOperationConverter
instanceKlass org/gradle/api/internal/artifacts/transform/DefaultPlannedTransformStep
instanceKlass com/android/build/gradle/internal/tasks/MergeNativeLibsTaskKt$getSubProjectNativeLibs$1
instanceKlass com/android/build/gradle/internal/tasks/MergeNativeLibsTaskKt$getExternalNativeLibs$1
instanceKlass com/android/build/gradle/internal/tasks/MergeNativeLibsTaskKt
instanceKlass com/android/build/gradle/internal/tasks/MergeNativeLibsTask$Companion$predicate$1
instanceKlass com/android/build/gradle/internal/tasks/MergeNativeLibsTask$Companion
instanceKlass com/android/build/api/variant/impl/FileBasedDirectoryEntryImpl$asFileTree$1$1
instanceKlass com/android/build/api/artifact/impl/InternalScopedArtifacts
instanceKlass org/gradle/api/internal/artifacts/transform/DefaultTransform$IsolateTransformParameters$1
instanceKlass com/android/build/gradle/internal/tasks/DexArchiveBuilderTask$CreationAction$configure$1
instanceKlass com/android/build/gradle/internal/dexing/DexParameters
instanceKlass com/android/build/gradle/internal/tasks/DexArchiveBuilderTask$Companion
instanceKlass com/android/build/gradle/internal/tasks/DexParameterInputs
instanceKlass com/android/build/gradle/internal/tasks/DexArchiveBuilderTask$DexingOutputs
instanceKlass org/gradle/api/internal/artifacts/transform/DefaultTransformNodeDependency
instanceKlass org/gradle/api/internal/artifacts/transform/TransformStepNode$ChainedTransformStepNode$TransformPreviousArtifacts
instanceKlass org/gradle/api/internal/artifacts/transform/TransformStepNode$InitialTransformStepNode$TransformInitialArtifact
instanceKlass org/gradle/api/internal/artifacts/transform/TransformStepNode$2
instanceKlass org/gradle/operations/dependencies/variants/Capability
instanceKlass org/gradle/operations/dependencies/transforms/PlannedTransformStepIdentity
instanceKlass org/gradle/operations/dependencies/transforms/ExecutePlannedTransformStepBuildOperationType$Result
instanceKlass org/gradle/api/internal/artifacts/transform/DefaultTransformedVariantFactory$1
instanceKlass org/gradle/api/internal/artifacts/transform/ComponentVariantIdentifier
instanceKlass com/android/build/gradle/internal/dependency/VariantDependencies$Companion$getComponentFilter$4
instanceKlass com/android/build/gradle/internal/core/dsl/impl/features/ShadersDslInfoImpl
instanceKlass com/android/build/gradle/internal/core/dsl/features/ShadersDslInfo
instanceKlass com/android/build/api/component/impl/features/ShadersCreationConfigImpl
instanceKlass com/android/build/gradle/internal/profile/ProfileAwareWorkAction$Parameters
instanceKlass com/android/repository/Revision$1
instanceKlass com/android/manifmerger/ManifestMerger2$Invoker
instanceKlass com/android/build/gradle/tasks/CompatibleScreensManifest$CreationAction$configure$1
instanceKlass com/android/build/gradle/tasks/ProcessApplicationManifest$CreationAction$configure$4
instanceKlass com/android/build/gradle/tasks/ProcessApplicationManifest$Companion
instanceKlass com/android/build/gradle/internal/AndroidTestTaskManager$createMockableJarTask$1$1
instanceKlass org/gradle/internal/typeconversion/NotationConverterToNotationParserAdapter$1
instanceKlass com/google/gms/googleservices/GoogleServicesPlugin$Companion$getJsonLocations$$inlined$sortedByDescending$1
instanceKlass org/gradle/configurationcache/extensions/CharSequenceExtensionsKt
instanceKlass com/google/gms/googleservices/GoogleServicesTask$Companion
instanceKlass com/android/build/gradle/internal/tasks/CheckAarMetadataTask$CreationAction$configure$2$1
instanceKlass com/android/build/gradle/internal/tasks/CheckAarMetadataTask$CreationAction$configure$1$1
instanceKlass com/android/build/gradle/internal/tasks/CheckAarMetadataTask$CreationAction$configure$2
instanceKlass com/android/build/gradle/internal/tasks/CheckAarMetadataTask$CreationAction$configure$1
instanceKlass com/android/build/gradle/internal/AndroidJarInput$getAndroidJar$1
instanceKlass com/android/build/gradle/internal/AndroidJarInput$sdkLoader$1
instanceKlass com/android/build/gradle/tasks/MapSourceSetPathsTask$CreateAction$configure$7$1$2$asFiles$2
instanceKlass com/android/build/gradle/tasks/MapSourceSetPathsTask$CreateAction$configure$7$1$2$asFiles$1
instanceKlass com/android/build/gradle/tasks/MapSourceSetPathsTask$CreateAction$configure$6
instanceKlass com/android/build/gradle/tasks/MapSourceSetPathsTask$CreateAction$configure$5
instanceKlass com/android/build/gradle/tasks/MapSourceSetPathsTask$CreateAction$configure$4$1
instanceKlass com/android/build/gradle/tasks/MapSourceSetPathsTask$CreateAction$configure$3
instanceKlass com/android/build/gradle/tasks/MapSourceSetPathsTask$CreateAction$configure$2
instanceKlass com/android/build/gradle/tasks/MapSourceSetPathsTask$CreateAction$configure$1
instanceKlass org/gradle/api/internal/AbstractTask$5
instanceKlass org/gradle/process/internal/ProcessArgumentsSpec
instanceKlass org/gradle/process/internal/ProcessStreamsSpec
instanceKlass org/gradle/process/internal/ProcessArgumentsSpec$HasExecutable
instanceKlass org/jetbrains/kotlin/gradle/plugin/android/AndroidGradleWrapperKt
instanceKlass org/jetbrains/kotlin/gradle/plugin/android/AndroidGradleWrapper
instanceKlass org/jetbrains/kotlin/gradle/tasks/KotlinCompilerPluginData$InputsOutputsState
instanceKlass com/android/build/gradle/internal/scope/BootClasspathBuilder$computeAdditionalAndRequestedOptionalLibraries$6
instanceKlass com/android/build/gradle/internal/scope/BootClasspathBuilder$computeAdditionalAndRequestedOptionalLibraries$5
instanceKlass com/android/build/gradle/internal/scope/BootClasspathBuilder$computeAdditionalAndRequestedOptionalLibraries$4
instanceKlass com/android/build/gradle/internal/scope/BootClasspathBuilder$computeAdditionalAndRequestedOptionalLibraries$3
instanceKlass com/android/build/gradle/internal/scope/BootClasspathBuilder$computeAdditionalAndRequestedOptionalLibraries$2
instanceKlass com/android/build/gradle/internal/scope/BootClasspathBuilder$computeAdditionalAndRequestedOptionalLibraries$1
instanceKlass com/android/build/gradle/internal/scope/BootClasspathBuilder$CacheKey
instanceKlass org/gradle/api/internal/artifacts/transform/AbstractTransformedArtifactSet$CalculateArtifacts
instanceKlass org/gradle/api/internal/artifacts/transform/DefaultTransformUpstreamDependenciesResolver$2
instanceKlass org/gradle/api/internal/artifacts/transform/DefaultTransformUpstreamDependenciesResolver$1
instanceKlass org/gradle/api/internal/artifacts/transform/TransformDependencies
instanceKlass org/gradle/api/internal/artifacts/transform/DefaultTransformUpstreamDependenciesResolver
instanceKlass org/gradle/api/internal/artifacts/transform/BoundTransformStep
instanceKlass org/gradle/api/internal/artifacts/transform/TransformedVariant
instanceKlass org/gradle/api/internal/artifacts/transform/ConsumerProvidedVariantFinder$CachedVariant
instanceKlass org/gradle/api/internal/artifacts/transform/TransformChain
instanceKlass org/gradle/api/internal/artifacts/transform/DefaultVariantDefinition
instanceKlass org/gradle/api/internal/artifacts/transform/ConsumerProvidedVariantFinder$ChainNode
instanceKlass org/gradle/api/internal/artifacts/transform/ConsumerProvidedVariantFinder$CachingAttributeMatcher$CacheKey
instanceKlass org/gradle/api/internal/artifacts/transform/ConsumerProvidedVariantFinder$ChainState
instanceKlass org/gradle/api/internal/artifacts/transform/ConsumerProvidedVariantFinder$TransformCache$CacheKey
instanceKlass com/google/android/gms/dependencies/VersionEvaluators$AlwaysCompatibleEvaluator
instanceKlass com/google/android/gms/dependencies/VersionEvaluator
instanceKlass com/google/android/gms/dependencies/VersionEvaluators
instanceKlass com/google/android/gms/dependencies/Artifact$Companion
instanceKlass com/google/android/gms/dependencies/Artifact
instanceKlass com/google/android/gms/dependencies/Dependency$Companion
instanceKlass com/google/android/gms/dependencies/Dependency
instanceKlass com/google/android/gms/dependencies/ArtifactVersion$Companion
instanceKlass com/google/android/gms/dependencies/ArtifactVersion
instanceKlass org/gradle/api/internal/artifacts/ivyservice/ivyresolve/strategy/InverseVersionSelector
instanceKlass com/android/build/gradle/internal/dependency/ConstraintHandler$alignWith$1$1$1$1
instanceKlass com/android/build/gradle/internal/dependency/ConstraintHandler$alignWith$1$1$1
instanceKlass org/gradle/api/internal/artifacts/ivyservice/resolveengine/artifact/ArtifactSetFactory$SingleArtifactVariantIdentifier
instanceKlass com/android/build/api/variant/impl/LayeredSourceDirectoriesImpl$getVariantSourcesWithFilter$2$1$1
instanceKlass com/android/build/gradle/internal/tasks/factory/GlobalTaskCreationConfigImpl$platformAttrs$2$1
instanceKlass com/android/build/gradle/internal/tasks/factory/GlobalTaskCreationConfigImpl$platformAttrs$2$attributes$1
instanceKlass com/android/build/gradle/tasks/MergeResources$CreationAction$configure$2
instanceKlass org/gradle/api/internal/provider/DefaultMapProperty$PlusCollector
instanceKlass org/gradle/api/internal/provider/MapCollectors$SingleEntry
instanceKlass com/android/build/api/variant/impl/LayeredSourceDirectoriesImpl$getVariantSourcesWithFilter$2$2
instanceKlass com/android/build/api/variant/impl/LayeredSourceDirectoriesImpl$getVariantSourcesWithFilter$2$projectDir$1
instanceKlass com/android/build/gradle/internal/DependencyResourcesComputer$ResourceSourceSetInput
instanceKlass com/android/build/gradle/tasks/MergeResources$CreationAction$configure$1
instanceKlass com/android/build/gradle/tasks/MergeResources$Companion
instanceKlass com/android/build/gradle/internal/DependencyResourcesComputer
instanceKlass com/android/ide/common/resources/SingleFileProcessor
instanceKlass com/android/ide/common/resources/ResourcePreprocessor
instanceKlass org/gradle/work/FileChange
instanceKlass com/android/ide/common/resources/DataMerger
instanceKlass com/android/build/gradle/tasks/ExtractDeepLinksTask$BaseCreationAction$configure$1$2
instanceKlass com/android/build/gradle/tasks/ExtractDeepLinksTask$BaseCreationAction$configure$1$1
instanceKlass com/android/build/gradle/t